<!DOCTYPE html><html><head>

<meta charset="utf-8">
<meta name="viewport" content="width=device-width, initial-scale=1, maximum-scale=1, minimum-scale=1, user-scalable=no">

<script>
  window.routerBase = "/";
</script>
</head>
<body>

<div id="root"></div>

<script src="/umi.js"></script>


</body></html>