{
  "app.js": "/static/js/app.js",
  "button-index.css": "/static/css/button-index.css",
  "button-index.js": "/static/js/button-index.js",
  "index.html": "/index.html",
  "readme.js": "/static/js/readme.js",
  "runtime~app.js": "/static/js/runtime~app.js",
  "static/js/5.js": "/static/js/5.js",
  "vendors.js": "/static/js/vendors.js"
}