<!doctype html><html lang="en"><head><meta charset="UTF-8"><meta name="description" content="My awesome app using docz"><meta name="viewport" content="width=device-width,initial-scale=1"><meta http-equiv="X-UA-Compatible" content="ie=edge"><title>My Doc</title><link rel="icon" type="image/x-icon" href="https://cdn-std.dprcdn.net/files/acc_649651/LUKiMl"></head><body><div id="root"></div><script src="/static/js/runtime~app.e04667b69aa8e1c9a4a5.js"></script><script src="/static/js/vendors.b50f0adf.js"></script><script src="/static/js/app.85c60d8f.js"></script></body></html>