// Jest Snapshot v1, https://goo.gl/fbAQLP

exports[`loadable map error 1`] = `"<div>MyLoadingComponent {\\"isLoading\\":true,\\"pastDelay\\":false,\\"timedOut\\":false,\\"error\\":null}</div>"`;

exports[`loadable map error 2`] = `"<div>MyLoadingComponent {\\"isLoading\\":true,\\"pastDelay\\":true,\\"timedOut\\":false,\\"error\\":null}</div>"`;

exports[`loadable map error 3`] = `"<div>MyLoadingComponent {\\"isLoading\\":false,\\"pastDelay\\":true,\\"timedOut\\":false,\\"error\\":{}}</div>"`;

exports[`loadable map success 1`] = `"<div>MyLoadingComponent {\\"isLoading\\":true,\\"pastDelay\\":false,\\"timedOut\\":false,\\"error\\":null}</div>"`;

exports[`loadable map success 2`] = `"<div>MyLoadingComponent {\\"isLoading\\":true,\\"pastDelay\\":true,\\"timedOut\\":false,\\"error\\":null}</div>"`;

exports[`loadable map success 3`] = `"<div><div>MyComponent {\\"prop\\":\\"baz\\"}</div><div>MyComponent {\\"prop\\":\\"baz\\"}</div></div>"`;

exports[`preload 1`] = `"<div>MyLoadingComponent {\\"isLoading\\":true,\\"pastDelay\\":true,\\"timedOut\\":false,\\"error\\":null}</div>"`;

exports[`preload 2`] = `"<div>MyComponent {\\"prop\\":\\"baz\\"}</div>"`;

exports[`preload 3`] = `"<div>MyComponent {\\"prop\\":\\"baz\\"}</div>"`;

exports[`preloadReady delay with 0 1`] = `"<div>MyLoadingComponent {\\"isLoading\\":true,\\"pastDelay\\":true,\\"timedOut\\":false,\\"error\\":null}</div>"`;

exports[`preloadReady many 1`] = `"<div>MyLoadingComponent {\\"isLoading\\":true,\\"pastDelay\\":false,\\"timedOut\\":false,\\"error\\":null}</div>"`;

exports[`preloadReady missing 1`] = `"<div>MyLoadingComponent {\\"isLoading\\":true,\\"pastDelay\\":false,\\"timedOut\\":false,\\"error\\":null}</div>"`;

exports[`preloadReady one 1`] = `"<div>MyLoadingComponent {\\"isLoading\\":true,\\"pastDelay\\":false,\\"timedOut\\":false,\\"error\\":null}</div>"`;

exports[`preloadReady undefined 1`] = `"<div>MyLoadingComponent {\\"isLoading\\":true,\\"pastDelay\\":false,\\"timedOut\\":false,\\"error\\":null}</div>"`;

exports[`render 1`] = `"<div>MyLoadingComponent {\\"isLoading\\":true,\\"pastDelay\\":false,\\"timedOut\\":false,\\"error\\":null}</div>"`;

exports[`render 2`] = `"<div>MyLoadingComponent {\\"isLoading\\":true,\\"pastDelay\\":true,\\"timedOut\\":false,\\"error\\":null}</div>"`;

exports[`render 3`] = `"<div>MyComponent {\\"prop\\":\\"baz\\"}</div>"`;

exports[`server side rendering 1`] = `"<div>MyLoadingComponent {\\"isLoading\\":true,\\"pastDelay\\":false,\\"timedOut\\":false,\\"error\\":null}</div>"`;

exports[`server side rendering es6 1`] = `"<div>MyLoadingComponent {\\"isLoading\\":true,\\"pastDelay\\":false,\\"timedOut\\":false,\\"error\\":null}</div>"`;
